<html>
<body>
<pre>
<h1>µVision Build Log</h1>
<h2>Project:</h2>
E:\Work\QAII\UAV\Interface\branches\BootLoader\IAP\RVMDK\Project.uvproj
Project File Date:  01/18/2017

<h2>Output:</h2>
Build target 'Project'
compiling main.c...
compiling stm32f10x_it.c...
compiling upload.c...
compiling ymodem.c...
compiling common.c...
compiling download.c...
compiling eeprom.c...
compiling misc.c...
compiling stm32f10x_flash.c...
compiling stm32f10x_rcc.c...
compiling stm32f10x_gpio.c...
compiling stm32f10x_usart.c...
assembling startup_stm32f10x_md.s...
compiling system_stm32f10x.c...
compiling core_cm3.c...
linking...
Program Size: Code=8156 RO-data=808 RW-data=84 ZI-data=2308  
FromELF: creating hex file...
".\Output\Project.axf" - 0 Error(s), 0 Warning(s).
Clean started: Project: 'Project'
   deleting intermediate output files for target 'Project'
Clean started: Project: 'Project'
   deleting intermediate output files for target 'Project'
</pre>
</body>
</html>
